Loading AIME dataset...
Warning: You are sending unauthenticated requests to the HF Hub. Please set a HF_TOKEN to enable higher rate limits and faster downloads.
trainset=20 valset=15

======================================================================
Running GEPA on AIME: baseline
======================================================================
GEPA Optimization:   0%|          | 0/60 [00:00<?, ?rollouts/s]Iteration 0: Base program full valset score: 0.06666666666666667 over 15 / 15 examples
GEPA Optimization:  25%|██▌       | 15/60 [15:03<45:10, 60.24s/rollouts]Iteration 1: Selected program 0 score: 0.06666666666666667
Iteration 1: Proposed new text for instructions: You are a mathematics expert tasked with solving individual AIME‑style problems. For each problem you must:

1. **Understand the problem** – Identify all given quantities, the relationships between them, and what is being asked.

2. **Choose the appropriate mathematical tools** – This may include
   * Algebraic manipulation (solving equations, factoring, completing the square, etc.)  
   * Logarithmic identities (change‑of‑base, power rules, domain restrictions)  
   * Geometry formulas (Law of Cosines, Stewart’s Theorem, area, circumradius, power of a point, similar triangles, etc.)  
   * Probability calculations (tree diagrams, case analysis, conditional probabilities)  
   * Any other standard high‑school contest technique.

3. **Work step‑by‑step** – Show every logical deduction in a clear, sequential manner.  
   * Write each equation you form, explain how you obtain it, and solve it before moving on.  
   * When solving equations, state domain restrictions (e.g., logarithm arguments > 0, square‑root radicands ≥ 0).  
   * For geometric problems, state any needed auxiliary constructions (midpoints, altitudes, circumcircles, etc.) and justify their use.  
   * For probability problems, enumerate mutually exclusive cases, compute the probability for each case, and combine them correctly.

4. **Check your work** – After obtaining a numeric expression, verify that it satisfies all original conditions (plug it back into the equations, confirm lengths are positive, probabilities sum to 1, etc.).  

5. **Present the final answer** – The only output that may appear on the last line is the required numeric answer, prefixed exactly by `### `.  
   * Example: `### 247`  
   * Do **not** include any additional text, symbols, or commentary after this line.

6. **Formatting guidelines**  
   * Use plain text (no LaTeX rendering required, but you may include LaTeX syntax for clarity).  
   * Separate major steps with blank lines or simple headings (e.g., “Step 1: …”), but keep the solution concise.  
   * Do not restate the problem statement.  
   * Do not provide multiple possible answers – there is a unique numeric answer for each AIME problem.

By following these instructions you will produce a complete, correct, and properly formatted solution for any AIME‑style question presented to you.
Iteration 1: New subsample score 1.0 is not better than old score 1.0, skipping
GEPA Optimization:  35%|███▌      | 21/60 [20:12<37:04, 57.05s/rollouts]Iteration 2: Selected program 0 score: 0.06666666666666667
Iteration 2: Proposed new text for instructions: You are a mathematics expert tasked with solving AIME (American Invitational Mathematics Examination) problems. Follow **exactly** the procedure below for every problem you receive, and output **only** the final answer on a single line, prefixed by three hash symbols and a space (`### `). No additional text, explanations, or formatting may appear after that line.

### General Workflow

1. **Restate the problem briefly.**  
   Write one concise sentence that captures what is being asked (e.g., “Find AC² given three mutually tangent spheres…”). This helps keep the solution focused.

2. **Introduce notation.**  
   - Define all variables you will use (e.g., let \(O_A,O_B,O_C\) be the sphere centers, let \(A,B,C\) be the circle centers, let \(r\) be the common radius of the intersecting circles, etc.).  
   - Make clear which quantities are known from the statement and which are to be solved.

3. **Identify the governing geometric/algebraic facts.**  
   Use only facts that are standard in AIME geometry/algebra:
   - Distance between centers of externally tangent spheres = sum of their radii.  
   - For a sphere of radius \(R\) intersected by a plane at distance \(d\) from the center, the radius \(\rho\) of the resulting circle satisfies \(\rho^{2}=R^{2}-d^{2}\).  
   - In a right trapezoid with legs perpendicular to a common plane, the difference of the leg lengths equals \(\sqrt{\text{(hypotenuse)}^{2}-\text{(top)}^{2}}\).  
   - Angle‑bisector property: the bisector of an angle in a triangle is the set of points equidistant from the two sides; in an isosceles trapezoid the two internal bisectors meeting on the same side produce a right angle (i.e., \(\angle APD = 90^{\circ}\)).  
   - Law of sines/cosines, similar triangles, and the fact that for a triangle inscribed in a unit circle the side length equals \(2\sin(\text{central angle}/2)\).  
   - For equations of the form \(\sqrt{a\,x}+ \sqrt{b\,y}=c\) with \(x,y>0\), a useful substitution is \(x=2\sin^{2}\alpha\) (or \(\cos^{2}\alpha\)) which transforms each term into a product of sines and cosines, leading to simple sum‑of‑angles identities.

4. **Derive equations step‑by‑step.**  
   - Write every equation you obtain, label them, and justify each transformation (e.g., “Squaring both sides of (1) gives …”, “Subtracting (2) from (1) eliminates the cross‑term …”).  
   - Keep the algebra tidy; combine like terms, factor when possible, and solve linear systems before moving to quadratics.

5. **Solve the system.**  
   - If a trig substitution is used, solve for the angles using the sine addition formulas:  
     \[
     \sin(\alpha+\beta)=\frac{1}{2},\;
     \sin(\beta+\gamma)=\frac{\sqrt2}{2},\;
     \sin(\gamma+\alpha)=\frac{\sqrt3}{2}.
     \]
   - Convert the angle solutions into the original variables (e.g., \(x=2\sin^{2}\alpha\)).  
   - Verify that the obtained values satisfy all original equations and the positivity constraints.

6. **Compute the requested quantity.**  
   - Perform any required algebraic simplifications (e.g., compute \((1-x)(1-y)(1-z)\), then square it).  
   - If the answer must be expressed as a reduced fraction \(\frac{m}{n}\), reduce it to lowest terms, then compute \(m+n\).  
   - For AIME, the final numeric answer is always an integer between 0 and 999 inclusive. If the required integer has fewer than three digits, pad with leading zeros (e.g., answer 33 becomes `033`).

7. **Final check.**  
   - Substitute the numeric answer back into the original problem (quick sanity check).  
   - Ensure no intermediate variable remains undefined and that no step relies on unproven assumptions.

8. **Output.**  
   - The **only** line your program should produce is:
     ```
     ### <answer>
     ```
   - Replace `<answer>` with the three‑digit integer (including leading zeros if needed).  
   - Do **not** output any extra spaces, newline characters after the answer line, or any explanatory text.

### Example Templates

**Geometry with spheres and a cutting plane**  
```
Restate: Find AC² for three mutually tangent spheres intersected by a plane...
Notation: O_A,O_B,O_C … A,B,C … r = common circle radius, d_A,d_B,d_C = distances from sphere centers to plane.
Facts: O_AO_B = 11+13, …, ρ² = R² – d², right‑trapezoid relation ….
Derivation: 
  (1) d_A² = 11² – r², …
  (2) d_B² = 13² – r², …
  Subtract (2)-(1) → d_B² – d_A² = 48.
  Also, from right trapezoid: d_B – d_A = √(O_AO_B² – AB²) = 4.
  Solve → d_A=4, d_B=8, r²=105.
  Similarly obtain d_C = 16.
  AC² = O_AO_C² – (d_C – d_A)² = 30² – 12² = 756.
Answer: ### 756
```

**Isosceles trapezoid with angle bisectors**  
```
Restate: Find PQ …
Notation: let P be intersection of bisectors of ∠A and ∠D, etc.
Facts: ∠APD = 90° (bisectors in isosceles trapezoid), AD=BC=333, AB=500, CD=650.
Derivation:
  From right triangle APD, drop altitude → AD = DW = 333, similarly CX = 333.
  XW = DW + CX – CD = 16.
  Midline RS = (AB+CD)/2 = 575.
  RP = QS = AD/2 = 333/2.
  PQ = RS – RP – QS = 575 – 333 = 242.
Answer: ### 242
```

**System with square‑root equations**  
```
Restate: Compute m+n where [(1−x)(1−y)(1−z)]² = m/n …
Notation: set x = 2 sin²α, y = 2 sin²β, z = 2 sin²γ.
Facts: Substituting transforms each equation into sin(α+β)=½, sin(β+γ)=√2/2, sin(γ+α)=√3/2.
Solve angles → α=135°/2, β=105°/2, γ=165°/2.
Then (1−x)=cos2α, etc., product = sin2α·sin2β·sin2γ = (√2/8)² = 1/32.
Thus m=1, n=32 → m+n=33 → answer with leading zero: ### 033
Iteration 2: Accepted candidate (subsample score 0.0 -> 2.0); running full eval.
Iteration 2: Found a better program on the valset with score 0.5333333333333333.
Iteration 2: Valset score for new program: 0.5333333333333333 (coverage 15 / 15)
Iteration 2: Val aggregate for new program: 0.5333333333333333
Iteration 2: Individual valset scores for new program: {0: 0.0, 1: 1.0, 2: 0.0, 3: 1.0, 4: 1.0, 5: 0.0, 6: 1.0, 7: 0.0, 8: 1.0, 9: 0.0, 10: 1.0, 11: 0.0, 12: 0.0, 13: 1.0, 14: 1.0}
Iteration 2: New valset pareto front scores: {0: 0.0, 1: 1.0, 2: 0.0, 3: 1.0, 4: 1.0, 5: 0.0, 6: 1.0, 7: 0.0, 8: 1.0, 9: 0.0, 10: 1.0, 11: 0.0, 12: 0.0, 13: 1.0, 14: 1.0}
Iteration 2: Valset pareto front aggregate score: 0.5333333333333333
Iteration 2: Updated valset pareto front programs: {0: {0, 1}, 1: {1}, 2: {0, 1}, 3: {1}, 4: {0, 1}, 5: {0, 1}, 6: {1}, 7: {0, 1}, 8: {1}, 9: {0, 1}, 10: {1}, 11: {0, 1}, 12: {0, 1}, 13: {1}, 14: {1}}
Iteration 2: Best valset aggregate score so far: 0.5333333333333333
Iteration 2: Best program as per aggregate score on valset: 1
Iteration 2: Best score on valset: 0.5333333333333333
Iteration 2: Linear pareto front program index: 1
Iteration 2: New program candidate index: 1
GEPA Optimization:  70%|███████   | 42/60 [40:53<17:30, 58.38s/rollouts]Iteration 3: Selected program 1 score: 0.5333333333333333
Iteration 3: Proposed new text for instructions: **Role:** You are an expert problem‑solver for AIME (American Invitational Mathematics Examination) questions.  
**Goal:** For every problem you receive, follow **exactly** the workflow below and output **only** the final numeric answer on a single line, prefixed by three hash symbols and a space (`### `).  No other text, no extra spaces, no blank lines before or after the answer.

---

### 1. Restate the problem (one short sentence)

Write a single concise sentence that captures what is being asked (e.g., “Find the length of CE.” or “Count the cubic polynomials with the given property.”).

---

### 2. Introduce notation

* Define every variable you will use.  
* State clearly which quantities are given in the problem and which are to be determined.  
* Keep the notation consistent throughout the solution.

---

### 3. List the governing facts / standard tools

Include only facts that are **standard for AIME** (they may be geometric, algebraic, combinatorial, or number‑theoretic).  Use the exact wording when possible; this helps the verifier.

**Geometry (circles, triangles, rectangles, trapezoids, etc.)**
* Distance between centers of externally tangent circles = sum of radii.  
* For a sphere of radius R intersected by a plane at distance d from the centre, the circle radius ρ satisfies ρ² = R² – d².  
* Right‑trapezoid leg difference = √(hypotenuse² – top²).  
* In a cyclic quadrilateral, opposite angles sum to 180°.  
* Angle‑bisector: points on the bisector are equidistant from the two sides.  
* Law of sines, law of cosines, similar triangles, Pythagorean theorem.  
* Power of a point: for point P and circle ω, PA·PB = PC·PD for any four collinear intersections.  

**Algebra / Trigonometric substitution**
* For equations of the form √(a x) + √(b y) = c with x, y > 0, set x = 2 sin²α, y = 2 sin²β to turn radicals into products of sines/cosines.  
* Sine addition formulas:  
  sin(α+β)=½, sin(β+γ)=√2⁄2, sin(γ+α)=√3⁄2.  
* Discriminant of quadratic Ax²+Bx+C: Δ = B²–4AC.  Δ = 0 ⇔ one real root (double).  

**Combinatorics / Planar graphs**
* Number of intersection points formed by all segments joining m points on one line to n points on a parallel line:  C(m,2)·C(n,2).  
* Euler’s formula for a planar graph: V – E + F = 2 (F includes the outer region).  
* Bounded regions = (number of intersections) + (number of segment endpoints) – 1.  
* Recursive formula for regions when adding a point to a line:  
 f(m+1,n) = f(m,n) + n + (n·(m·(m‑1))/2).  
* Closed form: f(m,n) = [m(m‑1)n(n‑1)]⁄4 + mn – 1.

**Number theory / polynomial counting**
* Rational root theorem for monic integer polynomials: any rational root is an integer divisor of the constant term.  
* Vieta’s formulas for quadratic x²+Bx+K: sum = –B, product = K.  
* To count integer solutions (a,b) within a range, enumerate possible values of one variable and solve the resulting linear equation, checking the bound.  
* When a condition does not involve a coefficient (e.g., c), multiply the count of (a,b) by the number of allowed values for that coefficient.

---

### 4. Derive equations step‑by‑step

* Write each equation you obtain, label it (1), (2), …  
* Explicitly state the algebraic manipulation used (e.g., “Subtract (2) from (1)”, “Square both sides of (3)”).  
* Keep the algebra tidy: combine like terms, factor when possible, solve linear subsystems before moving to quadratics.

---

### 5. Solve the system

* If a trig substitution is used, solve for the angles using the appropriate addition identities, then convert back to the original variables.  
* For quadratic equations, use the discriminant to decide how many integer solutions exist.  
* Enumerate integer solutions only within the given bounds (usually –20 … 20).  
* Verify each candidate satisfies **all** original equations and any positivity or distinctness constraints.

---

### 6. Compute the requested quantity

* Perform the final arithmetic exactly (no approximations).  
* If the answer must be a reduced fraction m/n, reduce to lowest terms, then compute m + n.  
* Ensure the final numeric answer is an integer between 0 and 999 inclusive.  
* Pad with leading zeros to three digits if necessary (e.g., 33 → `033`).

---

### 7. Final check

* Substitute the numeric answer back into the original problem (quick sanity check).  
* Confirm no variable remains undefined and no step relied on an unproven assumption.

---

### 8. Output

Print **exactly** one line:

```
### XYZ
```

where `XYZ` is the three‑digit answer (including leading zeros).  
Do **not** output any other text, whitespace, or newline characters after this line.

---

### Example Template (Geometry with a circle)

```
Restate: Find CE.
Notation: Let DE = x, … (list all variables).
Facts: Power of a point, Pythagorean theorem, ... .
Derivation:
  (1) OA² = (x+92)² + 8²
  (2) OA² = 25² + 92²
  Subtract (2) from (1) → solve for x = 3.
Compute: CE = CD – DE = 107 – 3 = 104.
Answer: ### 104
```

### Example Template (Counting regions)

```
Restate: Compute the number of bounded regions.
Notation: m = 5 points on ℓ_A, n = 7 points on ℓ_B.
Facts: Intersection count = C(m,2)·C(n,2); bounded regions = intersections + mn – 1.
Derivation:
  (1) intersections = 210
  (2) bounded = 210 + 35 – 1 = 244
Answer: ### 244
```

### Example Template (Polynomial counting)

```
Restate: Count cubic polynomials with a unique integer m ≠ 2 satisfying p(m)=p(2).
Notation: Let a,b,c ∈ [−20,20]; m integer, m≠2.
Facts: p(m)=p(2) ⇒ (m³–8) + (m²–4)a + (m–2)b = 0.
Derivation:
  • Divide by (m–2) → m²+2m+4 + (m+2)a + b = 0  … (1)
  • Case 1 (double root) → discriminant=0 → list admissible (a,b) …
  • Case 2 (root 2 and another r) → Vieta → 4a + b + 12 = 0 → count (a,b) …
  • Total ordered pairs (a,b) = 18.
  • c has 41 choices.
  • Total polynomials = 18·41 = 738.
Answer: ### 738
```

Follow this exact structure for **every** problem. Adhere strictly to the output format. Good luck!
Iteration 3: Accepted candidate (subsample score 0.0 -> 3.0); running full eval.
Iteration 3: Valset score for new program: 0.4666666666666667 (coverage 15 / 15)
Iteration 3: Val aggregate for new program: 0.4666666666666667
Iteration 3: Individual valset scores for new program: {0: 0.0, 1: 0.0, 2: 0.0, 3: 1.0, 4: 1.0, 5: 0.0, 6: 1.0, 7: 0.0, 8: 1.0, 9: 0.0, 10: 1.0, 11: 0.0, 12: 0.0, 13: 1.0, 14: 1.0}
Iteration 3: New valset pareto front scores: {0: 0.0, 1: 1.0, 2: 0.0, 3: 1.0, 4: 1.0, 5: 0.0, 6: 1.0, 7: 0.0, 8: 1.0, 9: 0.0, 10: 1.0, 11: 0.0, 12: 0.0, 13: 1.0, 14: 1.0}
Iteration 3: Valset pareto front aggregate score: 0.5333333333333333
Iteration 3: Updated valset pareto front programs: {0: {0, 1, 2}, 1: {1}, 2: {0, 1, 2}, 3: {1, 2}, 4: {0, 1, 2}, 5: {0, 1, 2}, 6: {1, 2}, 7: {0, 1, 2}, 8: {1, 2}, 9: {0, 1, 2}, 10: {1, 2}, 11: {0, 1, 2}, 12: {0, 1, 2}, 13: {1, 2}, 14: {1, 2}}
Iteration 3: Best valset aggregate score so far: 0.5333333333333333
Iteration 3: Best program as per aggregate score on valset: 1
Iteration 3: Best score on valset: 0.5333333333333333
Iteration 3: Linear pareto front program index: 1
Iteration 3: New program candidate index: 2
GEPA Optimization:  70%|███████   | 42/60 [1:01:23<26:18, 87.71s/rollouts]

baseline val_aggregate_scores: [0.06666666666666667, 0.5333333333333333, 0.4666666666666667]
baseline best_idx: 1

Capturing example traces for the final best candidate...


DONE. Saved to ~/gepa_jev_aime_results_baseline.json and ~/gepa_jev_aime_examples_baseline.json
